// Vitest Snapshot v1, https://vitest.dev/guide/snapshot.html

exports[`Sorting functions should work > when list is shuffled and sorting by review status and eligibility date 1`] = `
[
  [
    "PENDING",
    2016-02-01T00:00:00.000Z,
  ],
  [
    "IN_PROGRESS",
    2016-03-01T00:00:00.000Z,
  ],
  [
    "DENIED",
    2016-04-01T00:00:00.000Z,
  ],
  [
    "DENIED",
    2016-05-01T00:00:00.000Z,
  ],
  [
    "COMPLETED",
    2016-05-01T00:00:00.000Z,
  ],
  [
    "ALMOST",
    2019-02-01T00:00:00.000Z,
  ],
  [
    "ALMOST",
    2019-02-02T00:00:00.000Z,
  ],
  [
    "ALMOST",
    2020-02-02T00:00:00.000Z,
  ],
]
`;
