// Vitest Snapshot v1, https://vitest.dev/guide/snapshot.html

exports[`transformations 1`] = `
{
  "displayName": "Alejandro D Gonzalez",
  "email": "mock-email",
  "externalId": "agonzalez123",
  "fullName": {
    "givenNames": "Alejandro",
    "middleNames": "D",
    "surname": "Gonzalez",
  },
  "hasOutliers": true,
  "pseudonymizedId": "hashed-agonzalez123",
  "supervisionDistrict": "Region D1",
}
`;

exports[`transformations 2`] = `
{
  "displayName": "David Lee",
  "email": null,
  "externalId": "dlee456",
  "fullName": {
    "givenNames": "David",
    "surname": "Lee",
  },
  "hasOutliers": true,
  "pseudonymizedId": "hashed-dlee456",
  "supervisionDistrict": null,
}
`;

exports[`transformations 3`] = `
{
  "displayName": "Rosa Smith",
  "email": "mock-email",
  "externalId": "rsmith789",
  "fullName": {
    "givenNames": "Rosa",
    "surname": "Smith",
  },
  "hasOutliers": true,
  "pseudonymizedId": "hashed-rsmith789",
  "supervisionDistrict": "Region D1",
}
`;

exports[`transformations 4`] = `
{
  "displayName": "Charles Thomas",
  "email": null,
  "externalId": "cthomas321",
  "fullName": {
    "givenNames": "Charles",
    "surname": "Thomas",
  },
  "hasOutliers": false,
  "pseudonymizedId": "hashed-cthomas321",
  "supervisionDistrict": null,
}
`;
