// Jest Snapshot v1, https://goo.gl/fbAQLP

exports[`transformations 1`] = `
Object {
  "128785": Object {
    "birthdate": 1971-03-15T00:00:00.000Z,
    "clientName": Object {
      "givenNames": "Dorothy",
      "surname": "Luna",
    },
    "gender": "FEMALE",
    "officerAssignmentStart": 2021-01-08T00:00:00.000Z,
    "raceOrEthnicity": "BLACK",
    "supervisionStart": 2021-01-08T00:00:00.000Z,
    "supervisionType": "PAROLE",
  },
  "144925": Object {
    "birthdate": 1971-03-15T00:00:00.000Z,
    "clientName": Object {
      "givenNames": "Inez",
      "surname": "Griffith",
    },
    "gender": "FEMALE",
    "officerAssignmentStart": 2021-01-08T00:00:00.000Z,
    "raceOrEthnicity": "BLACK",
    "supervisionStart": 2021-01-08T00:00:00.000Z,
    "supervisionType": "PAROLE",
  },
  "170571": Object {
    "birthdate": 1971-03-15T00:00:00.000Z,
    "clientName": Object {
      "givenNames": "Ward",
      "surname": "Bradley",
    },
    "gender": "MALE",
    "officerAssignmentStart": 2021-01-08T00:00:00.000Z,
    "raceOrEthnicity": "BLACK",
    "supervisionStart": 2021-01-08T00:00:00.000Z,
    "supervisionType": "PAROLE",
  },
  "205752": Object {
    "birthdate": 1971-03-15T00:00:00.000Z,
    "clientName": Object {
      "givenNames": "Beau",
      "surname": "Riley",
    },
    "gender": "MALE",
    "officerAssignmentStart": 2021-01-08T00:00:00.000Z,
    "raceOrEthnicity": "BLACK",
    "supervisionStart": 2021-01-08T00:00:00.000Z,
    "supervisionType": "PAROLE",
  },
  "235261": Object {
    "birthdate": 1971-03-15T00:00:00.000Z,
    "clientName": Object {
      "givenNames": "Rosie",
      "surname": "Luna",
    },
    "gender": "FEMALE",
    "officerAssignmentStart": 2021-01-08T00:00:00.000Z,
    "raceOrEthnicity": "BLACK",
    "supervisionStart": 2021-01-08T00:00:00.000Z,
    "supervisionType": "PAROLE",
  },
  "283496": Object {
    "birthdate": 1971-03-15T00:00:00.000Z,
    "clientName": Object {
      "givenNames": "Gerald",
      "surname": "Barber",
    },
    "gender": "MALE",
    "officerAssignmentStart": 2021-01-08T00:00:00.000Z,
    "raceOrEthnicity": "BLACK",
    "supervisionStart": 2021-01-08T00:00:00.000Z,
    "supervisionType": "PAROLE",
  },
  "326160": Object {
    "birthdate": 1971-03-15T00:00:00.000Z,
    "clientName": Object {
      "givenNames": "Ethel",
      "surname": "Leonard",
    },
    "gender": "FEMALE",
    "officerAssignmentStart": 2021-01-08T00:00:00.000Z,
    "raceOrEthnicity": "BLACK",
    "supervisionStart": 2021-01-08T00:00:00.000Z,
    "supervisionType": "PAROLE",
  },
  "334531": Object {
    "birthdate": 1971-03-15T00:00:00.000Z,
    "clientName": Object {
      "givenNames": "Leroy",
      "surname": "Stone",
    },
    "gender": "MALE",
    "officerAssignmentStart": 2021-01-08T00:00:00.000Z,
    "raceOrEthnicity": "BLACK",
    "supervisionStart": 2021-01-08T00:00:00.000Z,
    "supervisionType": "PAROLE",
  },
  "339710": Object {
    "birthdate": 1971-03-15T00:00:00.000Z,
    "clientName": Object {
      "givenNames": "Bertha",
      "surname": "Figueroa",
    },
    "gender": "FEMALE",
    "officerAssignmentStart": 2021-01-08T00:00:00.000Z,
    "raceOrEthnicity": "BLACK",
    "supervisionStart": 2021-01-08T00:00:00.000Z,
    "supervisionType": "PAROLE",
  },
  "374673": Object {
    "birthdate": 1971-03-15T00:00:00.000Z,
    "clientName": Object {
      "givenNames": "Jeremiah",
      "surname": "Walsh",
    },
    "gender": "MALE",
    "officerAssignmentStart": 2021-01-08T00:00:00.000Z,
    "raceOrEthnicity": "BLACK",
    "supervisionStart": 2021-01-08T00:00:00.000Z,
    "supervisionType": "PAROLE",
  },
  "413899": Object {
    "birthdate": 1971-03-15T00:00:00.000Z,
    "clientName": Object {
      "givenNames": "Warren",
      "surname": "Franklin",
    },
    "gender": "MALE",
    "officerAssignmentStart": 2021-01-08T00:00:00.000Z,
    "raceOrEthnicity": "BLACK",
    "supervisionStart": 2021-01-08T00:00:00.000Z,
    "supervisionType": "PAROLE",
  },
  "415630": Object {
    "birthdate": 1971-03-15T00:00:00.000Z,
    "clientName": Object {
      "givenNames": "Alta",
      "surname": "Jackson",
    },
    "gender": "FEMALE",
    "officerAssignmentStart": 2021-01-08T00:00:00.000Z,
    "raceOrEthnicity": "BLACK",
    "supervisionStart": 2021-01-08T00:00:00.000Z,
    "supervisionType": "PAROLE",
  },
  "436502": Object {
    "birthdate": 1971-03-15T00:00:00.000Z,
    "clientName": Object {
      "givenNames": "Steve",
      "surname": "Schwartz",
    },
    "gender": "MALE",
    "officerAssignmentStart": 2021-01-08T00:00:00.000Z,
    "raceOrEthnicity": "BLACK",
    "supervisionStart": 2021-01-08T00:00:00.000Z,
    "supervisionType": "PAROLE",
  },
  "461718": Object {
    "birthdate": 1971-03-15T00:00:00.000Z,
    "clientName": Object {
      "givenNames": "Janette",
      "surname": "Sosa",
    },
    "gender": "FEMALE",
    "officerAssignmentStart": 2021-01-08T00:00:00.000Z,
    "raceOrEthnicity": "BLACK",
    "supervisionStart": 2021-01-08T00:00:00.000Z,
    "supervisionType": "PAROLE",
  },
  "470308": Object {
    "birthdate": 1971-03-15T00:00:00.000Z,
    "clientName": Object {
      "givenNames": "Leo",
      "surname": "Marshall",
    },
    "gender": "MALE",
    "officerAssignmentStart": 2021-01-08T00:00:00.000Z,
    "raceOrEthnicity": "BLACK",
    "supervisionStart": 2021-01-08T00:00:00.000Z,
    "supervisionType": "PAROLE",
  },
  "504894": Object {
    "birthdate": 1971-03-15T00:00:00.000Z,
    "clientName": Object {
      "givenNames": "Marie",
      "surname": "Hudson",
    },
    "gender": "FEMALE",
    "officerAssignmentStart": 2021-01-08T00:00:00.000Z,
    "raceOrEthnicity": "BLACK",
    "supervisionStart": 2021-01-08T00:00:00.000Z,
    "supervisionType": "PAROLE",
  },
  "531407": Object {
    "birthdate": 1971-03-15T00:00:00.000Z,
    "clientName": Object {
      "givenNames": "Glenn",
      "surname": "Francis",
    },
    "gender": "MALE",
    "officerAssignmentStart": 2021-01-08T00:00:00.000Z,
    "raceOrEthnicity": "BLACK",
    "supervisionStart": 2021-01-08T00:00:00.000Z,
    "supervisionType": "PAROLE",
  },
  "564940": Object {
    "birthdate": 1971-03-15T00:00:00.000Z,
    "clientName": Object {
      "givenNames": "Miguel",
      "surname": "Haynes",
    },
    "gender": "MALE",
    "officerAssignmentStart": 2021-01-08T00:00:00.000Z,
    "raceOrEthnicity": "BLACK",
    "supervisionStart": 2021-01-08T00:00:00.000Z,
    "supervisionType": "PAROLE",
  },
  "582059": Object {
    "birthdate": 1971-03-15T00:00:00.000Z,
    "clientName": Object {
      "givenNames": "Shawn",
      "surname": "Romero",
    },
    "gender": "MALE",
    "officerAssignmentStart": 2021-01-08T00:00:00.000Z,
    "raceOrEthnicity": "BLACK",
    "supervisionStart": 2021-01-08T00:00:00.000Z,
    "supervisionType": "PAROLE",
  },
  "617754": Object {
    "birthdate": 1971-03-15T00:00:00.000Z,
    "clientName": Object {
      "givenNames": "Jason",
      "surname": "Barton",
    },
    "gender": "MALE",
    "officerAssignmentStart": 2021-01-08T00:00:00.000Z,
    "raceOrEthnicity": "BLACK",
    "supervisionStart": 2021-01-08T00:00:00.000Z,
    "supervisionType": "PAROLE",
  },
  "707222": Object {
    "birthdate": 1971-03-15T00:00:00.000Z,
    "clientName": Object {
      "givenNames": "Gary",
      "surname": "Alexander",
    },
    "gender": "MALE",
    "officerAssignmentStart": 2021-01-08T00:00:00.000Z,
    "raceOrEthnicity": "BLACK",
    "supervisionStart": 2021-01-08T00:00:00.000Z,
    "supervisionType": "PAROLE",
  },
  "792381": Object {
    "birthdate": 1971-03-15T00:00:00.000Z,
    "clientName": Object {
      "givenNames": "Deena",
      "surname": "Dunlap",
    },
    "gender": "FEMALE",
    "officerAssignmentStart": 2021-01-08T00:00:00.000Z,
    "raceOrEthnicity": "BLACK",
    "supervisionStart": 2021-01-08T00:00:00.000Z,
    "supervisionType": "PAROLE",
  },
  "803013": Object {
    "birthdate": 1971-03-15T00:00:00.000Z,
    "clientName": Object {
      "givenNames": "Troy",
      "surname": "Rodgers",
    },
    "gender": "MALE",
    "officerAssignmentStart": 2021-01-08T00:00:00.000Z,
    "raceOrEthnicity": "BLACK",
    "supervisionStart": 2021-01-08T00:00:00.000Z,
    "supervisionType": "PAROLE",
  },
  "837771": Object {
    "birthdate": 1971-03-15T00:00:00.000Z,
    "clientName": Object {
      "givenNames": "Nora",
      "surname": "Robbins",
    },
    "gender": "FEMALE",
    "officerAssignmentStart": 2021-01-08T00:00:00.000Z,
    "raceOrEthnicity": "BLACK",
    "supervisionStart": 2021-01-08T00:00:00.000Z,
    "supervisionType": "PAROLE",
  },
  "840134": Object {
    "birthdate": 1971-03-15T00:00:00.000Z,
    "clientName": Object {
      "givenNames": "Patrick",
      "surname": "Schneider",
    },
    "gender": "MALE",
    "officerAssignmentStart": 2021-01-08T00:00:00.000Z,
    "raceOrEthnicity": "BLACK",
    "supervisionStart": 2021-01-08T00:00:00.000Z,
    "supervisionType": "PAROLE",
  },
  "869516": Object {
    "birthdate": 1971-03-15T00:00:00.000Z,
    "clientName": Object {
      "givenNames": "Angelo",
      "surname": "Cohen",
    },
    "gender": "MALE",
    "officerAssignmentStart": 2021-01-08T00:00:00.000Z,
    "raceOrEthnicity": "BLACK",
    "supervisionStart": 2021-01-08T00:00:00.000Z,
    "supervisionType": "PAROLE",
  },
  "914408": Object {
    "birthdate": 1971-03-15T00:00:00.000Z,
    "clientName": Object {
      "givenNames": "Viola",
      "surname": "Schultz",
    },
    "gender": "MALE",
    "officerAssignmentStart": 2021-01-08T00:00:00.000Z,
    "raceOrEthnicity": "BLACK",
    "supervisionStart": 2021-01-08T00:00:00.000Z,
    "supervisionType": "PAROLE",
  },
  "930441": Object {
    "birthdate": 1971-03-15T00:00:00.000Z,
    "clientName": Object {
      "givenNames": "Stanley",
      "surname": "Maxwell",
    },
    "gender": "MALE",
    "officerAssignmentStart": 2021-01-08T00:00:00.000Z,
    "raceOrEthnicity": "BLACK",
    "supervisionStart": 2021-01-08T00:00:00.000Z,
    "supervisionType": "PAROLE",
  },
  "931890": Object {
    "birthdate": 1971-03-15T00:00:00.000Z,
    "clientName": Object {
      "givenNames": "Ricardo",
      "surname": "Wood",
    },
    "gender": "MALE",
    "officerAssignmentStart": 2021-01-08T00:00:00.000Z,
    "raceOrEthnicity": "BLACK",
    "supervisionStart": 2021-01-08T00:00:00.000Z,
    "supervisionType": "PAROLE",
  },
  "968048": Object {
    "birthdate": 1971-03-15T00:00:00.000Z,
    "clientName": Object {
      "givenNames": "Violet",
      "surname": "Johnson",
    },
    "gender": "FEMALE",
    "officerAssignmentStart": 2021-01-08T00:00:00.000Z,
    "raceOrEthnicity": "BLACK",
    "supervisionStart": 2021-01-08T00:00:00.000Z,
    "supervisionType": "PAROLE",
  },
  "985771": Object {
    "birthdate": 1971-03-15T00:00:00.000Z,
    "clientName": Object {
      "givenNames": "Nicholas",
      "surname": "Rhodes",
    },
    "gender": "MALE",
    "officerAssignmentStart": 2021-01-08T00:00:00.000Z,
    "raceOrEthnicity": "BLACK",
    "supervisionStart": 2021-01-08T00:00:00.000Z,
    "supervisionType": "PAROLE",
  },
}
`;
