// Vitest Snapshot v1, https://vitest.dev/guide/snapshot.html

exports[`function: SupervisionOfficerRawFactory > should generate realistic supervision officers 1`] = `
[
  {
    "avgDailyPopulation": 43,
    "displayName": "Marcus Kozey",
    "district": "UNIT 3",
    "email": "officerso4@recidiviz.org",
    "externalId": "so4",
    "fullName": {
      "givenNames": "Marcus",
      "middleNames": undefined,
      "surname": "Kozey",
    },
    "pseudonymizedId": "hashed-so4",
    "supervisorExternalIds": [
      "xM3RfW",
      "8wxaST",
      "E4Iwzk",
    ],
  },
  {
    "avgDailyPopulation": null,
    "displayName": "Veronica Jo Johnson",
    "district": "UNIT 3",
    "email": "officerso6@recidiviz.org",
    "externalId": "so6",
    "fullName": {
      "givenNames": "Veronica",
      "middleNames": "Jo",
      "surname": "Johnson",
    },
    "pseudonymizedId": "hashed-so6",
    "supervisorExternalIds": [
      "E4Iwzk",
    ],
  },
  {
    "avgDailyPopulation": 43,
    "displayName": "Adrienne Collins",
    "district": "UNIT 2",
    "email": "officerso4@recidiviz.org",
    "externalId": "so4",
    "fullName": {
      "givenNames": "Adrienne",
      "middleNames": undefined,
      "surname": "Collins",
    },
    "pseudonymizedId": "hashed-so4",
    "supervisorExternalIds": [
      "zhJOf8",
      "NpMsAB",
    ],
  },
]
`;
