// Vitest Snapshot v1, https://vitest.dev/guide/snapshot.html

exports[`function: SupervisionOfficerRawFactory > should generate realistic supervision officers 1`] = `
[
  {
    "avgDailyPopulation": 43,
    "displayName": "Jimmy Greenfelder",
    "externalId": "so10",
    "fullName": {
      "givenNames": "Jimmy",
      "middleNames": undefined,
      "surname": "Greenfelder",
    },
    "pseudonymizedId": "hashed-so10",
    "supervisorExternalIds": [
      "zhJOf8",
    ],
  },
  {
    "avgDailyPopulation": 12,
    "displayName": "Megan Haley",
    "externalId": "so2",
    "fullName": {
      "givenNames": "Megan",
      "middleNames": undefined,
      "surname": "Haley",
    },
    "pseudonymizedId": "hashed-so2",
    "supervisorExternalIds": [
      "wxaST5",
    ],
  },
  {
    "avgDailyPopulation": 43,
    "displayName": "Mattie Fawn Schaefer",
    "externalId": "so4",
    "fullName": {
      "givenNames": "Mattie",
      "middleNames": "Fawn",
      "surname": "Schaefer",
    },
    "pseudonymizedId": "hashed-so4",
    "supervisorExternalIds": [
      "NpMsAB",
    ],
  },
]
`;
