// Vitest Snapshot v1, https://vitest.dev/guide/snapshot.html

exports[`record is properly parsed for opportunity 1`] = `
{
  "caseNotes": {
    "ASSAULTIVE DISCIPLINARIES": [],
  },
  "eligibleCriteria": {
    "custodyLevelHigherThanRecommended": {
      "custodyLevel": "MAXIMUM",
      "recommendedCustodyLevel": "HIGH",
    },
    "custodyLevelIsNotMax": null,
    "usTnIneligibleForAnnualReclassification": {
      "ineligibleCriteria": [
        "Some reason",
      ],
    },
    "usTnLatestCafAssessmentNotOverride": {
      "overrideReason": "Some reason",
    },
  },
  "externalId": "abc123",
  "formInformation": {
    "activeRecommendations": [],
    "classificationType": "SPECIAL",
    "currentOffenses": [
      "ROBBERY-ARMED WITH DEADLY WEAPON",
    ],
    "hasIncompatibles": false,
    "incompatibleArray": [],
    "lastCafDate": 2022-08-22T00:00:00.000Z,
    "lastCafTotal": "8",
    "latestPreaScreeningResults": {
      "aggressorFindingLevel": "NA",
      "latestPreaScreeningDate": 2022-02-23T00:00:00.000Z,
      "victimFindingLevel": "NA",
    },
    "q1Score": 1,
    "q2Score": 1,
    "q3Score": 1,
    "q4Score": 1,
    "q5Score": 1,
    "q6Notes": [
      {
        "eventDate": 2022-08-22T00:00:00.000Z,
        "noteBody": "Some note",
      },
    ],
    "q6Score": 1,
    "q7Notes": [
      {
        "eventDate": 2022-08-22T00:00:00.000Z,
        "noteBody": "Some note",
      },
    ],
    "q7Score": 1,
    "q8Notes": [
      {
        "detainerFelonyFlag": true,
        "detainerMisdemeanorFlag": true,
        "detainerReceivedDate": 2022-08-22T00:00:00.000Z,
      },
    ],
    "q8Score": 1,
    "q9Score": 1,
    "statusAtHearingSeg": "GEN",
  },
  "ineligibleCriteria": {},
  "stateCode": "US_XX",
}
`;
