// Vitest Snapshot v1, https://vitest.dev/guide/snapshot.html

exports[`transform function 1`] = `
{
  "caseNotes": {
    "Violations": [
      {
        "eventDate": 2021-05-03T00:00:00.000Z,
        "noteBody": "VRPT",
      },
      {
        "eventDate": 2020-01-10T00:00:00.000Z,
        "noteBody": "ARRP",
      },
    ],
  },
  "eligibleCriteria": {
    "supervisionLevelHigherThanAssessmentLevel": {
      "assessmentLevel": "High",
      "latestAssessmentDate": 2021-08-20T00:00:00.000Z,
      "supervisionLevel": "MAXIMUM",
    },
  },
  "externalId": "abc123",
  "ineligibleCriteria": {},
  "stateCode": "US_XX",
}
`;
