// Jest Snapshot v1, https://goo.gl/fbAQLP

exports[`fully eligible requirements met 1`] = `
Array [
  Object {
    "text": "Early termination date is Jan 3, 2022",
    "tooltip": "Early termination date (as calculated by DOCSTARS) is in the past.",
  },
  Object {
    "text": "Currently on medium supervision",
    "tooltip": "Currently on diversion, minimum, medium, maximum, or IC-out supervision level.",
  },
  Object {
    "text": "Serving probation sentence",
    "tooltip": "Serving a suspended, deferred, IC-probation, or IC-parole sentence.",
  },
  Object {
    "text": "Not on active revocation status",
    "tooltip": "Not on active revocation status.",
  },
]
`;
