// Jest Snapshot v1, https://goo.gl/fbAQLP

exports[`transform record 1`] = `
Object {
  "caseNotes": Object {},
  "eligibleCriteria": Object {
    "onMinimumSupervisionAtLeastSixMonths": null,
    "supervisionNotPastFullTermCompletionDateOrUpcoming90Days": null,
    "usMiIfServingAnOuilOrOwiHasCompleted12MonthsOnSupervision": null,
    "usMiNotRequiredToRegisterUnderSora": null,
    "usMiNotServingIneligibleOffensesForTelephoneReporting": null,
    "usMiSupervisionAndAssessmentLevelEligibleForTelephoneReporting": Object {
      "initialAssessmentLevelRawText": "MEDIUM",
      "supervisionLevelRawText": "MEDIUM",
    },
  },
  "externalId": "010",
  "ineligibleCriteria": Object {},
  "stateCode": "US_MI",
}
`;
