// Vitest Snapshot v1, https://vitest.dev/guide/snapshot.html

exports[`prepareChartData 1`] = `
{
  "backgroundRadius": 4,
  "centerOfContentArea": 53.5,
  "chartLabel": "Swarm plot of all absconsion rates in the state for GENERAL_OR_OTHER caseloads, highlighting a value of 11.5%, which is far worse than the statewide rate of 6.0%. Other values in the chart range from 0% to 37%.",
  "highlightRadius": 8,
  "scaleDomain": [
    0,
    0.37,
  ],
  "scaleRange": [
    11,
    289,
  ],
  "swarmPoints": [
    {
      "highlight": true,
      "opacity": 1,
      "position": 97.56668031668033,
      "radius": 10,
      "spreadOffset": 0,
      "targetStatus": "FAR",
    },
    {
      "opacity": 0.15,
      "position": 11,
      "radius": 4,
      "spreadOffset": 0,
      "targetStatus": "MET",
    },
    {
      "opacity": 0.15,
      "position": 11,
      "radius": 4,
      "spreadOffset": -8,
      "targetStatus": "MET",
    },
    {
      "opacity": 0.15,
      "position": 11,
      "radius": 4,
      "spreadOffset": 8,
      "targetStatus": "MET",
    },
    {
      "opacity": 0.15,
      "position": 11,
      "radius": 4,
      "spreadOffset": -16,
      "targetStatus": "MET",
    },
    {
      "opacity": 0.15,
      "position": 11,
      "radius": 4,
      "spreadOffset": 16,
      "targetStatus": "MET",
    },
    {
      "opacity": 0.15,
      "position": 11,
      "radius": 4,
      "spreadOffset": -24,
      "targetStatus": "MET",
    },
    {
      "opacity": 0.15,
      "position": 11,
      "radius": 4,
      "spreadOffset": 24,
      "targetStatus": "MET",
    },
    {
      "opacity": 0.15,
      "position": 11,
      "radius": 4,
      "spreadOffset": 29,
      "targetStatus": "MET",
    },
    {
      "opacity": 0.15,
      "position": 11,
      "radius": 4,
      "spreadOffset": -29,
      "targetStatus": "MET",
    },
    {
      "opacity": 0.15,
      "position": 11,
      "radius": 4,
      "spreadOffset": 21,
      "targetStatus": "MET",
    },
    {
      "opacity": 0.15,
      "position": 11,
      "radius": 4,
      "spreadOffset": -21,
      "targetStatus": "MET",
    },
    {
      "opacity": 0.15,
      "position": 11,
      "radius": 4,
      "spreadOffset": 13,
      "targetStatus": "MET",
    },
    {
      "opacity": 0.15,
      "position": 11,
      "radius": 4,
      "spreadOffset": -13,
      "targetStatus": "MET",
    },
    {
      "opacity": 0.15,
      "position": 11,
      "radius": 4,
      "spreadOffset": 5,
      "targetStatus": "MET",
    },
    {
      "opacity": 0.15,
      "position": 11,
      "radius": 4,
      "spreadOffset": -5,
      "targetStatus": "MET",
    },
    {
      "opacity": 0.15,
      "position": 11,
      "radius": 4,
      "spreadOffset": -3,
      "targetStatus": "MET",
    },
    {
      "opacity": 0.15,
      "position": 11,
      "radius": 4,
      "spreadOffset": 3,
      "targetStatus": "MET",
    },
    {
      "opacity": 0.15,
      "position": 11,
      "radius": 4,
      "spreadOffset": -11,
      "targetStatus": "MET",
    },
    {
      "opacity": 0.15,
      "position": 11,
      "radius": 4,
      "spreadOffset": 11,
      "targetStatus": "MET",
    },
    {
      "opacity": 0.15,
      "position": 11,
      "radius": 4,
      "spreadOffset": -19,
      "targetStatus": "MET",
    },
    {
      "opacity": 0.15,
      "position": 11,
      "radius": 4,
      "spreadOffset": 19,
      "targetStatus": "MET",
    },
    {
      "opacity": 0.15,
      "position": 11,
      "radius": 4,
      "spreadOffset": -27,
      "targetStatus": "MET",
    },
    {
      "opacity": 0.15,
      "position": 11,
      "radius": 4,
      "spreadOffset": 27,
      "targetStatus": "MET",
    },
    {
      "opacity": 0.15,
      "position": 11,
      "radius": 4,
      "spreadOffset": 26,
      "targetStatus": "MET",
    },
    {
      "opacity": 0.15,
      "position": 11,
      "radius": 4,
      "spreadOffset": -26,
      "targetStatus": "MET",
    },
    {
      "opacity": 0.15,
      "position": 11,
      "radius": 4,
      "spreadOffset": 18,
      "targetStatus": "MET",
    },
    {
      "opacity": 0.15,
      "position": 11,
      "radius": 4,
      "spreadOffset": -18,
      "targetStatus": "MET",
    },
    {
      "opacity": 0.15,
      "position": 11,
      "radius": 4,
      "spreadOffset": 10,
      "targetStatus": "MET",
    },
    {
      "opacity": 0.15,
      "position": 11,
      "radius": 4,
      "spreadOffset": -10,
      "targetStatus": "MET",
    },
    {
      "opacity": 0.15,
      "position": 11,
      "radius": 4,
      "spreadOffset": 2,
      "targetStatus": "MET",
    },
    {
      "opacity": 0.15,
      "position": 11,
      "radius": 4,
      "spreadOffset": -2,
      "targetStatus": "MET",
    },
    {
      "opacity": 0.15,
      "position": 11,
      "radius": 4,
      "spreadOffset": -6,
      "targetStatus": "MET",
    },
    {
      "opacity": 0.15,
      "position": 11,
      "radius": 4,
      "spreadOffset": 6,
      "targetStatus": "MET",
    },
    {
      "opacity": 0.15,
      "position": 11,
      "radius": 4,
      "spreadOffset": -14,
      "targetStatus": "MET",
    },
    {
      "opacity": 0.15,
      "position": 11,
      "radius": 4,
      "spreadOffset": 14,
      "targetStatus": "MET",
    },
    {
      "opacity": 0.15,
      "position": 11,
      "radius": 4,
      "spreadOffset": -22,
      "targetStatus": "MET",
    },
    {
      "opacity": 0.15,
      "position": 11,
      "radius": 4,
      "spreadOffset": 22,
      "targetStatus": "MET",
    },
    {
      "opacity": 0.15,
      "position": 11,
      "radius": 4,
      "spreadOffset": -30,
      "targetStatus": "MET",
    },
    {
      "opacity": 0.15,
      "position": 11,
      "radius": 4,
      "spreadOffset": 30,
      "targetStatus": "MET",
    },
    {
      "opacity": 0.15,
      "position": 11,
      "radius": 4,
      "spreadOffset": 23,
      "targetStatus": "MET",
    },
    {
      "opacity": 0.15,
      "position": 11,
      "radius": 4,
      "spreadOffset": -23,
      "targetStatus": "MET",
    },
    {
      "opacity": 0.15,
      "position": 11,
      "radius": 4,
      "spreadOffset": 15,
      "targetStatus": "MET",
    },
    {
      "opacity": 0.15,
      "position": 11,
      "radius": 4,
      "spreadOffset": -15,
      "targetStatus": "MET",
    },
    {
      "opacity": 0.15,
      "position": 11,
      "radius": 4,
      "spreadOffset": 7,
      "targetStatus": "MET",
    },
    {
      "opacity": 0.15,
      "position": 11,
      "radius": 4,
      "spreadOffset": -7,
      "targetStatus": "MET",
    },
    {
      "opacity": 0.15,
      "position": 11,
      "radius": 4,
      "spreadOffset": -1,
      "targetStatus": "MET",
    },
    {
      "opacity": 0.15,
      "position": 11,
      "radius": 4,
      "spreadOffset": 1,
      "targetStatus": "MET",
    },
    {
      "opacity": 0.15,
      "position": 11,
      "radius": 4,
      "spreadOffset": -9,
      "targetStatus": "MET",
    },
    {
      "opacity": 0.15,
      "position": 11,
      "radius": 4,
      "spreadOffset": 9,
      "targetStatus": "MET",
    },
    {
      "opacity": 0.15,
      "position": 11,
      "radius": 4,
      "spreadOffset": -17,
      "targetStatus": "MET",
    },
    {
      "opacity": 0.15,
      "position": 11,
      "radius": 4,
      "spreadOffset": 17,
      "targetStatus": "MET",
    },
    {
      "opacity": 0.15,
      "position": 11,
      "radius": 4,
      "spreadOffset": -25,
      "targetStatus": "MET",
    },
    {
      "opacity": 0.15,
      "position": 11,
      "radius": 4,
      "spreadOffset": 25,
      "targetStatus": "MET",
    },
    {
      "opacity": 0.15,
      "position": 11,
      "radius": 4,
      "spreadOffset": 28,
      "targetStatus": "MET",
    },
    {
      "opacity": 0.15,
      "position": 11,
      "radius": 4,
      "spreadOffset": -28,
      "targetStatus": "MET",
    },
    {
      "opacity": 0.15,
      "position": 11,
      "radius": 4,
      "spreadOffset": 20,
      "targetStatus": "MET",
    },
    {
      "opacity": 0.15,
      "position": 11,
      "radius": 4,
      "spreadOffset": -20,
      "targetStatus": "MET",
    },
    {
      "opacity": 0.15,
      "position": 11,
      "radius": 4,
      "spreadOffset": 12,
      "targetStatus": "MET",
    },
    {
      "opacity": 0.15,
      "position": 11,
      "radius": 4,
      "spreadOffset": -12,
      "targetStatus": "MET",
    },
    {
      "opacity": 0.15,
      "position": 11,
      "radius": 4,
      "spreadOffset": 4,
      "targetStatus": "MET",
    },
    {
      "opacity": 0.15,
      "position": 11,
      "radius": 4,
      "spreadOffset": -4,
      "targetStatus": "MET",
    },
    {
      "opacity": 0.15,
      "position": 11,
      "radius": 4,
      "spreadOffset": -4,
      "targetStatus": "MET",
    },
    {
      "opacity": 0.15,
      "position": 11,
      "radius": 4,
      "spreadOffset": 4,
      "targetStatus": "MET",
    },
    {
      "opacity": 0.15,
      "position": 11,
      "radius": 4,
      "spreadOffset": -12,
      "targetStatus": "MET",
    },
    {
      "opacity": 0.15,
      "position": 11,
      "radius": 4,
      "spreadOffset": 12,
      "targetStatus": "MET",
    },
    {
      "opacity": 0.15,
      "position": 11,
      "radius": 4,
      "spreadOffset": -20,
      "targetStatus": "MET",
    },
    {
      "opacity": 0.15,
      "position": 11,
      "radius": 4,
      "spreadOffset": 20,
      "targetStatus": "MET",
    },
    {
      "opacity": 0.15,
      "position": 11,
      "radius": 4,
      "spreadOffset": -28,
      "targetStatus": "MET",
    },
    {
      "opacity": 0.15,
      "position": 11,
      "radius": 4,
      "spreadOffset": 28,
      "targetStatus": "MET",
    },
    {
      "opacity": 0.15,
      "position": 11,
      "radius": 4,
      "spreadOffset": 25,
      "targetStatus": "MET",
    },
    {
      "opacity": 0.15,
      "position": 11,
      "radius": 4,
      "spreadOffset": -25,
      "targetStatus": "MET",
    },
    {
      "opacity": 0.15,
      "position": 11,
      "radius": 4,
      "spreadOffset": 17,
      "targetStatus": "MET",
    },
    {
      "opacity": 0.15,
      "position": 18.644624052050045,
      "radius": 4,
      "spreadOffset": -2.357906508498154,
      "targetStatus": "MET",
    },
    {
      "opacity": 0.15,
      "position": 18.83395444463231,
      "radius": 4,
      "spreadOffset": 5.639852802861787,
      "targetStatus": "MET",
    },
    {
      "opacity": 0.15,
      "position": 19.114905851257383,
      "radius": 4,
      "spreadOffset": -10.34407173527216,
      "targetStatus": "MET",
    },
    {
      "opacity": 0.15,
      "position": 19.49918626594487,
      "radius": 4,
      "spreadOffset": 13.6121464893684,
      "targetStatus": "MET",
    },
    {
      "opacity": 0.15,
      "position": 19.499713102223566,
      "radius": 4,
      "spreadOffset": -18.33481158710089,
      "targetStatus": "MET",
    },
    {
      "opacity": 0.15,
      "position": 20.447541795619514,
      "radius": 4,
      "spreadOffset": 21.55573647056302,
      "targetStatus": "MET",
    },
    {
      "opacity": 0.15,
      "position": 20.693999407679154,
      "radius": 4,
      "spreadOffset": -26.245164311259355,
      "targetStatus": "MET",
    },
    {
      "opacity": 0.15,
      "position": 20.966320574308366,
      "radius": 4,
      "spreadOffset": 29.53889803593185,
      "targetStatus": "MET",
    },
    {
      "opacity": 0.15,
      "position": 21.09880848590526,
      "radius": 4,
      "spreadOffset": 26.765084152542187,
      "targetStatus": "MET",
    },
    {
      "opacity": 0.15,
      "position": 21.235248310936896,
      "radius": 4,
      "spreadOffset": -23.465623374735813,
      "targetStatus": "MET",
    },
    {
      "opacity": 0.15,
      "position": 21.56895495773251,
      "radius": 4,
      "spreadOffset": 18.778910957887035,
      "targetStatus": "MET",
    },
    {
      "opacity": 0.15,
      "position": 21.977194221800552,
      "radius": 4,
      "spreadOffset": -15.500102910550652,
      "targetStatus": "MET",
    },
    {
      "opacity": 0.15,
      "position": 22.138138382066572,
      "radius": 4,
      "spreadOffset": 10.799184757730586,
      "targetStatus": "MET",
    },
    {
      "opacity": 0.15,
      "position": 22.40067525434393,
      "radius": 4,
      "spreadOffset": -7.511319285049453,
      "targetStatus": "MET",
    },
    {
      "opacity": 0.15,
      "position": 22.48566583922785,
      "radius": 4,
      "spreadOffset": 2.806736780638772,
      "targetStatus": "MET",
    },
    {
      "opacity": 0.15,
      "position": 22.550488280471853,
      "radius": 4,
      "spreadOffset": 0.4872778455230389,
      "targetStatus": "MET",
    },
    {
      "opacity": 0.15,
      "position": 22.618014964763535,
      "radius": 4,
      "spreadOffset": -5.192168376254273,
      "targetStatus": "MET",
    },
    {
      "opacity": 0.15,
      "position": 22.729320527062285,
      "radius": 4,
      "spreadOffset": 8.48527878498156,
      "targetStatus": "MET",
    },
    {
      "opacity": 0.15,
      "position": 22.73534354243841,
      "radius": 4,
      "spreadOffset": -13.191307955287812,
      "targetStatus": "MET",
    },
    {
      "opacity": 0.15,
      "position": 22.974641657638777,
      "radius": 4,
      "spreadOffset": 16.481516496736546,
      "targetStatus": "MET",
    },
    {
      "opacity": 0.15,
      "position": 23.01661744120775,
      "radius": 4,
      "spreadOffset": -21.186361738338377,
      "targetStatus": "MET",
    },
    {
      "opacity": 0.15,
      "position": 23.12821701942523,
      "radius": 4,
      "spreadOffset": 24.480042273918997,
      "targetStatus": "MET",
    },
    {
      "opacity": 0.15,
      "position": 23.146480788521714,
      "radius": 4,
      "spreadOffset": -29.185307638331977,
      "targetStatus": "MET",
    },
    {
      "opacity": 0.15,
      "position": 23.181009293916816,
      "radius": 4,
      "spreadOffset": -28.52013191699278,
      "targetStatus": "MET",
    },
    {
      "opacity": 0.15,
      "position": 23.276433289012186,
      "radius": 4,
      "spreadOffset": 23.815747909578363,
      "targetStatus": "MET",
    },
    {
      "opacity": 0.15,
      "position": 23.283581619781568,
      "radius": 4,
      "spreadOffset": -20.520789511646797,
      "targetStatus": "MET",
    },
    {
      "opacity": 0.15,
      "position": 23.31723526805494,
      "radius": 4,
      "spreadOffset": 15.815851960348368,
      "targetStatus": "MET",
    },
    {
      "opacity": 0.15,
      "position": 23.32443120812706,
      "radius": 4,
      "spreadOffset": -12.520893805380865,
      "targetStatus": "MET",
    },
    {
      "opacity": 0.15,
      "position": 23.367784037306905,
      "radius": 4,
      "spreadOffset": 7.816011660571917,
      "targetStatus": "MET",
    },
    {
      "opacity": 0.15,
      "position": 23.454279892971993,
      "radius": 4,
      "spreadOffset": -4.521947667354652,
      "targetStatus": "MET",
    },
    {
      "opacity": 0.15,
      "position": 23.503681358831134,
      "radius": 4,
      "spreadOffset": -0.1828340010221723,
      "targetStatus": "MET",
    },
    {
      "opacity": 0.15,
      "position": 23.615264880778476,
      "radius": 4,
      "spreadOffset": 3.4764324082419478,
      "targetStatus": "MET",
    },
    {
      "opacity": 0.15,
      "position": 23.61700603805867,
      "radius": 4,
      "spreadOffset": -8.182031305569524,
      "targetStatus": "MET",
    },
    {
      "opacity": 0.15,
      "position": 23.89767404614792,
      "radius": 4,
      "spreadOffset": 11.471446170788909,
      "targetStatus": "MET",
    },
    {
      "opacity": 0.15,
      "position": 24.07539063808731,
      "radius": 4,
      "spreadOffset": -16.168888231698645,
      "targetStatus": "MET",
    },
    {
      "opacity": 0.15,
      "position": 24.292130827997447,
      "radius": 4,
      "spreadOffset": 19.46171549336202,
      "targetStatus": "MET",
    },
    {
      "opacity": 0.15,
      "position": 24.331546509321043,
      "radius": 4,
      "spreadOffset": -24.16478619062937,
      "targetStatus": "MET",
    },
    {
      "opacity": 0.15,
      "position": 24.686841505377217,
      "radius": 4,
      "spreadOffset": 27.451972277794084,
      "targetStatus": "MET",
    },
    {
      "opacity": 0.15,
      "position": 24.897696409225322,
      "radius": 4,
      "spreadOffset": 28.855271811408585,
      "targetStatus": "MET",
    },
    {
      "opacity": 0.15,
      "position": 25.06519864823281,
      "radius": 4,
      "spreadOffset": -25.556979863980416,
      "targetStatus": "MET",
    },
    {
      "opacity": 0.15,
      "position": 25.112244287718998,
      "radius": 4,
      "spreadOffset": 20.858149253398494,
      "targetStatus": "MET",
    },
    {
      "opacity": 0.15,
      "position": 25.282758358587742,
      "radius": 4,
      "spreadOffset": -17.55993867536381,
      "targetStatus": "MET",
    },
    {
      "opacity": 0.15,
      "position": 25.543312469811916,
      "radius": 4,
      "spreadOffset": 12.869771431688577,
      "targetStatus": "MET",
    },
    {
      "opacity": 0.15,
      "position": 25.6185097677635,
      "radius": 4,
      "spreadOffset": -9.566987343644314,
      "targetStatus": "MET",
    },
    {
      "opacity": 0.15,
      "position": 25.870580373237352,
      "radius": 4,
      "spreadOffset": 1.0751031396521662,
      "targetStatus": "MET",
    },
    {
      "opacity": 0.15,
      "position": 25.989245914038218,
      "radius": 4,
      "spreadOffset": 4.882209640796418,
      "targetStatus": "MET",
    },
    {
      "opacity": 0.15,
      "position": 26.613051138243286,
      "radius": 4,
      "spreadOffset": -6.890368419716525,
      "targetStatus": "MET",
    },
    {
      "opacity": 0.15,
      "position": 26.618386197576353,
      "radius": 4,
      "spreadOffset": 9.040075609729177,
      "targetStatus": "MET",
    },
    {
      "opacity": 0.15,
      "position": 26.861379019273755,
      "radius": 4,
      "spreadOffset": -14.886513319823258,
      "targetStatus": "MET",
    },
    {
      "opacity": 0.15,
      "position": 26.966033955554625,
      "radius": 4,
      "spreadOffset": -1.6812927919058325,
      "targetStatus": "MET",
    },
    {
      "opacity": 0.15,
      "position": 27.017945402911234,
      "radius": 4,
      "spreadOffset": -3.051375763142488,
      "targetStatus": "MET",
    },
    {
      "opacity": 0.15,
      "position": 27.127212187194548,
      "radius": 4,
      "spreadOffset": 17.023877718517262,
      "targetStatus": "MET",
    },
    {
      "opacity": 0.15,
      "position": 27.565083702892892,
      "radius": 4,
      "spreadOffset": 6.2962468914936665,
      "targetStatus": "MET",
    },
    {
      "opacity": 0.15,
      "position": 28.006278261394222,
      "radius": 4,
      "spreadOffset": -22.80416484823697,
      "targetStatus": "MET",
    },
    {
      "opacity": 0.15,
      "position": 28.32427310443735,
      "radius": 4,
      "spreadOffset": 24.933811040638872,
      "targetStatus": "MET",
    },
    {
      "opacity": 0.15,
      "position": 29.261577708889178,
      "radius": 4,
      "spreadOffset": 30.294934994368376,
      "targetStatus": "MET",
    },
    {
      "opacity": 0.15,
      "position": 29.29141887835945,
      "radius": 4,
      "spreadOffset": -28.124864822166842,
      "targetStatus": "MET",
    },
    {
      "opacity": 0.15,
      "position": 29.744625490806413,
      "radius": 4,
      "spreadOffset": 22.30953175843942,
      "targetStatus": "MET",
    },
    {
      "opacity": 0.15,
      "position": 29.893781828676765,
      "radius": 4,
      "spreadOffset": -20.147574625860514,
      "targetStatus": "MET",
    },
    {
      "opacity": 0.15,
      "position": 30.00112542390655,
      "radius": 4,
      "spreadOffset": 14.313644829253903,
      "targetStatus": "MET",
    },
    {
      "opacity": 0.15,
      "position": 30.45470458931247,
      "radius": 4,
      "spreadOffset": -12.167263500559642,
      "targetStatus": "MET",
    },
    {
      "opacity": 0.15,
      "position": 30.50520933451232,
      "radius": 4,
      "spreadOffset": 6.3295419108874,
      "targetStatus": "MET",
    },
    {
      "opacity": 0.15,
      "position": 30.548310160613248,
      "radius": 4,
      "spreadOffset": -4.167811144490415,
      "targetStatus": "MET",
    },
    {
      "opacity": 0.15,
      "position": 30.960931890475525,
      "radius": 4,
      "spreadOffset": -1.6574673511572087,
      "targetStatus": "MET",
    },
    {
      "opacity": 0.15,
      "position": 31.039696254530014,
      "radius": 4,
      "spreadOffset": 3.817083326115025,
      "targetStatus": "MET",
    },
    {
      "opacity": 0.15,
      "position": 31.059484565939602,
      "radius": 4,
      "spreadOffset": -9.656860288759333,
      "targetStatus": "MET",
    },
    {
      "opacity": 0.15,
      "position": 31.312809661746776,
      "radius": 4,
      "spreadOffset": 11.81242003364639,
      "targetStatus": "MET",
    },
    {
      "opacity": 0.15,
      "position": 31.423238251656482,
      "radius": 4,
      "spreadOffset": -17.64858621349721,
      "targetStatus": "MET",
    },
    {
      "opacity": 0.15,
      "position": 31.600176600833308,
      "radius": 4,
      "spreadOffset": 19.807257132819828,
      "targetStatus": "MET",
    },
    {
      "opacity": 0.15,
      "position": 31.61126926783986,
      "radius": 4,
      "spreadOffset": -25.64637617929108,
      "targetStatus": "MET",
    },
    {
      "opacity": 0.15,
      "position": 31.896315394943866,
      "radius": 4,
      "spreadOffset": 27.801774117267527,
      "targetStatus": "MET",
    },
    {
      "opacity": 0.15,
      "position": 32.074559536098,
      "radius": 4,
      "spreadOffset": 27.367049954066403,
      "targetStatus": "MET",
    },
    {
      "opacity": 0.15,
      "position": 32.12000333024592,
      "radius": 4,
      "spreadOffset": -25.201353762484445,
      "targetStatus": "MET",
    },
    {
      "opacity": 0.15,
      "position": 32.15747903434989,
      "radius": 4,
      "spreadOffset": 19.36747969330804,
      "targetStatus": "MET",
    },
    {
      "opacity": 0.15,
      "position": 32.47474595695104,
      "radius": 4,
      "spreadOffset": -17.209222778272647,
      "targetStatus": "MET",
    },
    {
      "opacity": 0.15,
      "position": 32.47895075526654,
      "radius": 4,
      "spreadOffset": 11.373941307045612,
      "targetStatus": "MET",
    },
    {
      "opacity": 0.15,
      "position": 32.9122882220641,
      "radius": 4,
      "spreadOffset": -9.221196941669461,
      "targetStatus": "MET",
    },
    {
      "opacity": 0.15,
      "position": 32.93682704021464,
      "radius": 4,
      "spreadOffset": 3.3870552237411857,
      "targetStatus": "MET",
    },
    {
      "opacity": 0.15,
      "position": 33.31252487537574,
      "radius": 4,
      "spreadOffset": -1.8604482612080164,
      "targetStatus": "MET",
    },
    {
      "opacity": 0.15,
      "position": 33.8222230469141,
      "radius": 4,
      "spreadOffset": -10.358486121183944,
      "targetStatus": "MET",
    },
    {
      "opacity": 0.15,
      "position": 34.13052741796873,
      "radius": 4,
      "spreadOffset": 6.097621343935646,
      "targetStatus": "MET",
    },
    {
      "opacity": 0.15,
      "position": 34.50387754912953,
      "radius": 4,
      "spreadOffset": -1.3811176427100804,
      "targetStatus": "MET",
    },
    {
      "opacity": 0.15,
      "position": 34.57661994869698,
      "radius": 4,
      "spreadOffset": 14.085174251680826,
      "targetStatus": "MET",
    },
    {
      "opacity": 0.15,
      "position": 34.58168822763173,
      "radius": 4,
      "spreadOffset": -4.442020818431928,
      "targetStatus": "MET",
    },
    {
      "opacity": 0.15,
      "position": 34.63758345485633,
      "radius": 4,
      "spreadOffset": -18.316826865658278,
      "targetStatus": "MET",
    },
    {
      "opacity": 0.15,
      "position": 34.64267798122705,
      "radius": 4,
      "spreadOffset": 6.617678169163696,
      "targetStatus": "MET",
    },
    {
      "opacity": 0.15,
      "position": 34.69886305247522,
      "radius": 4,
      "spreadOffset": -12.441162651180178,
      "targetStatus": "MET",
    },
    {
      "opacity": 0.15,
      "position": 35.332837340246066,
      "radius": 4,
      "spreadOffset": 14.587852574981838,
      "targetStatus": "MET",
    },
    {
      "opacity": 0.15,
      "position": 35.34363705501249,
      "radius": 4,
      "spreadOffset": -20.415136973038273,
      "targetStatus": "MET",
    },
    {
      "opacity": 0.15,
      "position": 35.357691024357685,
      "radius": 4,
      "spreadOffset": 22.587813968287804,
      "targetStatus": "MET",
    },
    {
      "opacity": 0.15,
      "position": 35.41406954894002,
      "radius": 4,
      "spreadOffset": -28.414826921017465,
      "targetStatus": "MET",
    },
    {
      "opacity": 0.15,
      "position": 35.45434421893471,
      "radius": 4,
      "spreadOffset": -30.41276991802127,
      "targetStatus": "MET",
    },
    {
      "opacity": 0.15,
      "position": 35.48381780584262,
      "radius": 4,
      "spreadOffset": 24.585477135969512,
      "targetStatus": "MET",
    },
    {
      "opacity": 0.15,
      "position": 35.58478200298012,
      "radius": 4,
      "spreadOffset": -22.413833364672854,
      "targetStatus": "MET",
    },
    {
      "opacity": 0.15,
      "position": 35.701035194167375,
      "radius": 4,
      "spreadOffset": 28.029514687876752,
      "targetStatus": "MET",
    },
    {
      "opacity": 0.15,
      "position": 35.77915005586115,
      "radius": 4,
      "spreadOffset": 16.59093031566138,
      "targetStatus": "MET",
    },
    {
      "opacity": 0.15,
      "position": 35.86414608267792,
      "radius": 4,
      "spreadOffset": -14.418712620683152,
      "targetStatus": "MET",
    },
    {
      "opacity": 0.15,
      "position": 36.09776180500076,
      "radius": 4,
      "spreadOffset": -26.182440585246184,
      "targetStatus": "MET",
    },
    {
      "opacity": 0.15,
      "position": 36.142630597592785,
      "radius": 4,
      "spreadOffset": 8.599191963101134,
      "targetStatus": "MET",
    },
    {
      "opacity": 0.15,
      "position": 36.488474672916325,
      "radius": 4,
      "spreadOffset": 26.82710614507974,
      "targetStatus": "MET",
    },
    {
      "opacity": 0.15,
      "position": 36.57284998538262,
      "radius": 4,
      "spreadOffset": -24.81114168441448,
      "targetStatus": "MET",
    },
    {
      "opacity": 0.15,
      "position": 36.61823850941086,
      "radius": 4,
      "spreadOffset": -6.454332882627966,
      "targetStatus": "MET",
    },
    {
      "opacity": 0.15,
      "position": 36.65898608189027,
      "radius": 4,
      "spreadOffset": 0.6158732914060181,
      "targetStatus": "MET",
    },
    {
      "opacity": 0.15,
      "position": 36.90010324816954,
      "radius": 4,
      "spreadOffset": 18.731943455702293,
      "targetStatus": "MET",
    },
    {
      "opacity": 0.15,
      "position": 37.16325541339852,
      "radius": 4,
      "spreadOffset": -16.807701304754943,
      "targetStatus": "MET",
    },
    {
      "opacity": 0.15,
      "position": 37.459436860157254,
      "radius": 4,
      "spreadOffset": 10.751520790799077,
      "targetStatus": "MET",
    },
    {
      "opacity": 0.15,
      "position": 37.679953618371755,
      "radius": 4,
      "spreadOffset": -8.732765506954479,
      "targetStatus": "MET",
    },
    {
      "opacity": 0.15,
      "position": 37.78549037879018,
      "radius": 4,
      "spreadOffset": 2.7581679834354986,
      "targetStatus": "MET",
    },
    {
      "opacity": 0.15,
      "position": 38.00041776540743,
      "radius": 4,
      "spreadOffset": -0.7391866632534487,
      "targetStatus": "MET",
    },
    {
      "opacity": 0.15,
      "position": 38.01105518006926,
      "radius": 4,
      "spreadOffset": -5.438440982581781,
      "targetStatus": "MET",
    },
    {
      "opacity": 0.15,
      "position": 38.233688504790784,
      "radius": 4,
      "spreadOffset": 7.316579790349266,
      "targetStatus": "MET",
    },
    {
      "opacity": 0.15,
      "position": 38.27702837112028,
      "radius": 4,
      "spreadOffset": -13.434018401482945,
      "targetStatus": "MET",
    },
    {
      "opacity": 0.15,
      "position": 38.4435347986834,
      "radius": 4,
      "spreadOffset": 15.439093305594128,
      "targetStatus": "MET",
    },
    {
      "opacity": 0.15,
      "position": 38.4714122989985,
      "radius": 4,
      "spreadOffset": -21.43319221655412,
      "targetStatus": "MET",
    },
    {
      "opacity": 0.15,
      "position": 38.62042937287171,
      "radius": 4,
      "spreadOffset": 1.2910678007630452,
      "targetStatus": "MET",
    },
    {
      "opacity": 0.15,
      "position": 38.627385608547144,
      "radius": 4,
      "spreadOffset": -7.1381839242364435,
      "targetStatus": "MET",
    },
    {
      "opacity": 0.15,
      "position": 38.628777276167966,
      "radius": 4,
      "spreadOffset": 9.291063445293759,
      "targetStatus": "MET",
    },
    {
      "opacity": 0.15,
      "position": 38.73635835582738,
      "radius": 4,
      "spreadOffset": 23.433732407165976,
      "targetStatus": "MET",
    },
    {
      "opacity": 0.15,
      "position": 39.011158086230864,
      "radius": 4,
      "spreadOffset": 20.743617876639853,
      "targetStatus": "MET",
    },
    {
      "opacity": 0.15,
      "position": 39.44994483564949,
      "radius": 4,
      "spreadOffset": -29.373121314141542,
      "targetStatus": "MET",
    },
    {
      "opacity": 0.15,
      "position": 39.50563820004607,
      "radius": 4,
      "spreadOffset": -29.603340460097044,
      "targetStatus": "MET",
    },
    {
      "opacity": 0.15,
      "position": 39.649072159127,
      "radius": 4,
      "spreadOffset": 23.629357300513846,
      "targetStatus": "MET",
    },
    {
      "opacity": 0.15,
      "position": 39.75722154283471,
      "radius": 4,
      "spreadOffset": -21.607297324793734,
      "targetStatus": "MET",
    },
    {
      "opacity": 0.15,
      "position": 39.757724133305246,
      "radius": 4,
      "spreadOffset": 15.630095162759687,
      "targetStatus": "MET",
    },
    {
      "opacity": 0.15,
      "position": 39.8388709441341,
      "radius": 4,
      "spreadOffset": -13.607713999690645,
      "targetStatus": "MET",
    },
    {
      "opacity": 0.15,
      "position": 39.87986976024044,
      "radius": 4,
      "spreadOffset": 7.6310276892462525,
      "targetStatus": "MET",
    },
    {
      "opacity": 0.15,
      "position": 39.899651535196085,
      "radius": 4,
      "spreadOffset": -15.036369754659034,
      "targetStatus": "MET",
    },
    {
      "opacity": 0.15,
      "position": 39.91031448906212,
      "radius": 4,
      "spreadOffset": 17.18775024242376,
      "targetStatus": "MET",
    },
    {
      "opacity": 0.15,
      "position": 39.98823986504342,
      "radius": 4,
      "spreadOffset": -23.035879246360054,
      "targetStatus": "MET",
    },
    {
      "opacity": 0.15,
      "position": 40.40420763866082,
      "radius": 4,
      "spreadOffset": -5.562884700220214,
      "targetStatus": "MET",
    },
    {
      "opacity": 0.15,
      "position": 40.54888947777645,
      "radius": 4,
      "spreadOffset": 25.162223390148853,
      "targetStatus": "MET",
    },
    {
      "opacity": 0.15,
      "position": 40.63670430034509,
      "radius": 4,
      "spreadOffset": 29.99044569905257,
      "targetStatus": "MET",
    },
    {
      "opacity": 0.15,
      "position": 40.83823775902984,
      "radius": 4,
      "spreadOffset": -27.843010974003164,
      "targetStatus": "MET",
    },
    {
      "opacity": 0.15,
      "position": 40.942487525193066,
      "radius": 4,
      "spreadOffset": 21.996291796393365,
      "targetStatus": "MET",
    },
    {
      "opacity": 0.15,
      "position": 41.008014360788195,
      "radius": 4,
      "spreadOffset": -19.844812682794355,
      "targetStatus": "MET",
    },
    {
      "opacity": 0.15,
      "position": 41.58872826314687,
      "radius": 4,
      "spreadOffset": 2.3489362589627722,
      "targetStatus": "MET",
    },
    {
      "opacity": 0.15,
      "position": 41.75280266623294,
      "radius": 4,
      "spreadOffset": 10.347253556385521,
      "targetStatus": "MET",
    },
    {
      "opacity": 0.15,
      "position": 41.98618645762875,
      "radius": 4,
      "spreadOffset": -13.404908865978495,
      "targetStatus": "MET",
    },
    {
      "opacity": 0.15,
      "position": 42.028841400329235,
      "radius": 4,
      "spreadOffset": -5.913298531249097,
      "targetStatus": "MET",
    },
    {
      "opacity": 0.15,
      "position": 42.11009253773214,
      "radius": 4,
      "spreadOffset": -0.05181725014679728,
      "targetStatus": "MET",
    },
    {
      "opacity": 0.15,
      "position": 42.20774303871827,
      "radius": 4,
      "spreadOffset": 2.0847008563341376,
      "targetStatus": "MET",
    },
    {
      "opacity": 0.15,
      "position": 42.24329661374434,
      "radius": 4,
      "spreadOffset": -8.05070821540778,
      "targetStatus": "MET",
    },
    {
      "opacity": 0.15,
      "position": 42.281309825851864,
      "radius": 4,
      "spreadOffset": 10.084362594672257,
      "targetStatus": "MET",
    },
    {
      "opacity": 0.15,
      "position": 42.50953561707856,
      "radius": 4,
      "spreadOffset": -21.387772115295945,
      "targetStatus": "MET",
    },
    {
      "opacity": 0.15,
      "position": 42.658671658671665,
      "radius": 4,
      "spreadOffset": -16.039917411069865,
      "targetStatus": "MET",
    },
    {
      "opacity": 0.15,
      "position": 43.05898490939212,
      "radius": 4,
      "spreadOffset": -29.830329903831483,
      "targetStatus": "MET",
    },
    {
      "opacity": 0.15,
      "position": 43.24873509445476,
      "radius": 4,
      "spreadOffset": -29.76902405890401,
      "targetStatus": "MET",
    },
    {
      "opacity": 0.15,
      "position": 43.43435030078568,
      "radius": 4,
      "spreadOffset": 18.000832620079052,
      "targetStatus": "MET",
    },
    {
      "opacity": 0.15,
      "position": 43.460583919422774,
      "radius": 4,
      "spreadOffset": -23.99962448646258,
      "targetStatus": "MET",
    },
    {
      "opacity": 0.15,
      "position": 43.659669315617876,
      "radius": 4,
      "spreadOffset": 23.24153709560271,
      "targetStatus": "MET",
    },
    {
      "opacity": 0.15,
      "position": 43.7506759177473,
      "radius": 4,
      "spreadOffset": 25.9945763052402,
      "targetStatus": "MET",
    },
    {
      "opacity": 0.15,
      "position": 43.751979686693055,
      "radius": 4,
      "spreadOffset": 29.005684243274573,
      "targetStatus": "MET",
    },
    {
      "opacity": 0.15,
      "position": 43.848747493800595,
      "radius": 4,
      "spreadOffset": -21.48528608818107,
      "targetStatus": "MET",
    },
    {
      "opacity": 0.15,
      "position": 44.79044396787127,
      "radius": 4,
      "spreadOffset": 15.321855998120242,
      "targetStatus": "MET",
    },
    {
      "opacity": 0.15,
      "position": 44.908821239324475,
      "radius": 4,
      "spreadOffset": -13.555831904313749,
      "targetStatus": "MET",
    },
    {
      "opacity": 0.15,
      "position": 45.3469526261185,
      "radius": 4,
      "spreadOffset": 7.341235839680422,
      "targetStatus": "MET",
    },
    {
      "opacity": 0.15,
      "position": 45.51445656397989,
      "radius": 4,
      "spreadOffset": -5.578789479108181,
      "targetStatus": "MET",
    },
    {
      "opacity": 0.15,
      "position": 45.64416918181446,
      "radius": 4,
      "spreadOffset": -0.6532411487798129,
      "targetStatus": "MET",
    },
    {
      "opacity": 0.15,
      "position": 45.94583229536295,
      "radius": 4,
      "spreadOffset": 2.4095717407149237,
      "targetStatus": "MET",
    },
    {
      "opacity": 0.15,
      "position": 46.20452416472956,
      "radius": 4,
      "spreadOffset": 16.99422096264102,
      "targetStatus": "MET",
    },
    {
      "opacity": 0.15,
      "position": 46.30271314008709,
      "radius": 4,
      "spreadOffset": -8.62609006588734,
      "targetStatus": "MET",
    },
    {
      "opacity": 0.15,
      "position": 46.48543151734871,
      "radius": 4,
      "spreadOffset": 10.391353038121679,
      "targetStatus": "MET",
    },
    {
      "opacity": 0.15,
      "position": 46.493851451917855,
      "radius": 4,
      "spreadOffset": -16.623806374043724,
      "targetStatus": "MET",
    },
    {
      "opacity": 0.15,
      "position": 46.609839410047165,
      "radius": 4,
      "spreadOffset": 18.390385646895965,
      "targetStatus": "MET",
    },
    {
      "opacity": 0.15,
      "position": 46.75375819085349,
      "radius": 4,
      "spreadOffset": -24.619583289832192,
      "targetStatus": "MET",
    },
    {
      "opacity": 0.15,
      "position": 47.22126132472175,
      "radius": 4,
      "spreadOffset": 26.366986629912205,
      "targetStatus": "MET",
    },
    {
      "opacity": 0.15,
      "position": 47.36535226881762,
      "radius": 4,
      "spreadOffset": 28.403828925670027,
      "targetStatus": "MET",
    },
    {
      "opacity": 0.15,
      "position": 47.64883646174573,
      "radius": 4,
      "spreadOffset": -26.644447822869765,
      "targetStatus": "MET",
    },
    {
      "opacity": 0.15,
      "position": 47.652101827849144,
      "radius": 4,
      "spreadOffset": 20.408969659216666,
      "targetStatus": "MET",
    },
    {
      "opacity": 0.15,
      "position": 47.658634306007656,
      "radius": 4,
      "spreadOffset": -18.64445382273152,
      "targetStatus": "MET",
    },
    {
      "opacity": 0.15,
      "position": 48.20402142216377,
      "radius": 4,
      "spreadOffset": -2.1497186978286686,
      "targetStatus": "MET",
    },
    {
      "opacity": 0.15,
      "position": 48.378116838386696,
      "radius": 4,
      "spreadOffset": 24.693279014703236,
      "targetStatus": "MET",
    },
    {
      "opacity": 0.15,
      "position": 48.70012050266828,
      "radius": 4,
      "spreadOffset": 6.013373516670249,
      "targetStatus": "MET",
    },
    {
      "opacity": 0.15,
      "position": 48.89460318408777,
      "radius": 4,
      "spreadOffset": 12.506046758179025,
      "targetStatus": "MET",
    },
    {
      "opacity": 0.15,
      "position": 48.96279668372691,
      "radius": 4,
      "spreadOffset": -10.751472098912473,
      "targetStatus": "MET",
    },
    {
      "opacity": 0.15,
      "position": 49.145851712246376,
      "radius": 4,
      "spreadOffset": 4.509993095459009,
      "targetStatus": "MET",
    },
    {
      "opacity": 0.15,
      "position": 49.24764208017117,
      "radius": 4,
      "spreadOffset": -16.762178923904585,
      "targetStatus": "MET",
    },
    {
      "opacity": 0.15,
      "position": 49.53625282698563,
      "radius": 4,
      "spreadOffset": -2.7720518159746916,
      "targetStatus": "MET",
    },
    {
      "opacity": 0.15,
      "position": 49.64576681524401,
      "radius": 4,
      "spreadOffset": -3.474371931880057,
      "targetStatus": "MET",
    },
    {
      "opacity": 0.15,
      "position": 49.656661642143014,
      "radius": 4,
      "spreadOffset": 5.227041990028113,
      "targetStatus": "MET",
    },
    {
      "opacity": 0.15,
      "position": 49.81441415940036,
      "radius": 4,
      "spreadOffset": -24.742076755970245,
      "targetStatus": "MET",
    },
    {
      "opacity": 0.15,
      "position": 50.082691070720145,
      "radius": 4,
      "spreadOffset": -11.462431595839547,
      "targetStatus": "MET",
    },
    {
      "opacity": 0.15,
      "position": 50.142936719369025,
      "radius": 4,
      "spreadOffset": 13.212249347966235,
      "targetStatus": "MET",
    },
    {
      "opacity": 0.15,
      "position": 50.677830251852754,
      "radius": 4,
      "spreadOffset": 28.26305661228571,
      "targetStatus": "MET",
    },
    {
      "opacity": 0.15,
      "position": 50.839221825784385,
      "radius": 4,
      "spreadOffset": -27.968096426308584,
      "targetStatus": "MET",
    },
    {
      "opacity": 0.15,
      "position": 51.04525333315794,
      "radius": 4,
      "spreadOffset": -19.404312600420923,
      "targetStatus": "MET",
    },
    {
      "opacity": 0.15,
      "position": 51.518578169403085,
      "radius": 4,
      "spreadOffset": 20.307357841018984,
      "targetStatus": "MET",
    },
    {
      "opacity": 0.15,
      "position": 52.21944061071556,
      "radius": 4,
      "spreadOffset": -9.068996748334378,
      "targetStatus": "MET",
    },
    {
      "opacity": 0.15,
      "position": 52.258198171091216,
      "radius": 4,
      "spreadOffset": -20.094945460433507,
      "targetStatus": "MET",
    },
    {
      "opacity": 0.15,
      "position": 52.68252759802055,
      "radius": 4,
      "spreadOffset": 12.392484391138623,
      "targetStatus": "MET",
    },
    {
      "opacity": 0.15,
      "position": 52.9289435189955,
      "radius": 4,
      "spreadOffset": -12.123113758856704,
      "targetStatus": "MET",
    },
    {
      "opacity": 0.15,
      "position": 52.933217621291014,
      "radius": 4,
      "spreadOffset": 4.396413198844712,
      "targetStatus": "MET",
    },
    {
      "opacity": 0.15,
      "position": 53.236753926265706,
      "radius": 4,
      "spreadOffset": 12.602679791225915,
      "targetStatus": "MET",
    },
    {
      "opacity": 0.15,
      "position": 53.363982890745845,
      "radius": 4,
      "spreadOffset": -4.03446553465605,
      "targetStatus": "MET",
    },
    {
      "opacity": 0.15,
      "position": 53.57906521600472,
      "radius": 4,
      "spreadOffset": -3.577474239814208,
      "targetStatus": "MET",
    },
    {
      "opacity": 0.15,
      "position": 54.69249759584332,
      "radius": 4,
      "spreadOffset": 3.854453825962352,
      "targetStatus": "MET",
    },
    {
      "opacity": 0.15,
      "position": 55.130285022406554,
      "radius": 4,
      "spreadOffset": 20.375358865261305,
      "targetStatus": "MET",
    },
    {
      "opacity": 0.15,
      "position": 55.79390917023629,
      "radius": 4,
      "spreadOffset": 0.37883898821660766,
      "targetStatus": "MET",
    },
    {
      "opacity": 0.15,
      "position": 56.202446554020646,
      "radius": 4,
      "spreadOffset": -11.135110798643282,
      "targetStatus": "MET",
    },
    {
      "opacity": 0.15,
      "position": 56.227295350982885,
      "radius": 4,
      "spreadOffset": 11.705848342277179,
      "targetStatus": "MET",
    },
    {
      "opacity": 0.15,
      "position": 56.23226838912143,
      "radius": 4,
      "spreadOffset": -19.13505521458464,
      "targetStatus": "MET",
    },
    {
      "opacity": 0.15,
      "position": 56.46284441845799,
      "radius": 4,
      "spreadOffset": -20.217733180110148,
      "targetStatus": "NEAR",
    },
    {
      "opacity": 0.15,
      "position": 56.95421109182577,
      "radius": 4,
      "spreadOffset": 19.672754486177382,
      "targetStatus": "NEAR",
    },
    {
      "opacity": 0.15,
      "position": 57.801850488067004,
      "radius": 4,
      "spreadOffset": 27.916097420780282,
      "targetStatus": "NEAR",
    },
    {
      "opacity": 0.15,
      "position": 57.80983896960228,
      "radius": 4,
      "spreadOffset": -28.103518218975182,
      "targetStatus": "NEAR",
    },
    {
      "opacity": 0.15,
      "position": 58.20802913340677,
      "radius": 4,
      "spreadOffset": 24.90639763919944,
      "targetStatus": "NEAR",
    },
    {
      "opacity": 0.15,
      "position": 58.224287441257616,
      "radius": 4,
      "spreadOffset": -26.88307819441158,
      "targetStatus": "NEAR",
    },
    {
      "opacity": 0.15,
      "position": 59.11707048745385,
      "radius": 4,
      "spreadOffset": -25.192755872104655,
      "targetStatus": "NEAR",
    },
    {
      "opacity": 0.15,
      "position": 59.42720170285065,
      "radius": 4,
      "spreadOffset": 7.5061937129688925,
      "targetStatus": "NEAR",
    },
    {
      "opacity": 0.15,
      "position": 59.52002062511308,
      "radius": 4,
      "spreadOffset": -12.340316276197644,
      "targetStatus": "NEAR",
    },
    {
      "opacity": 0.15,
      "position": 59.89633482287707,
      "radius": 4,
      "spreadOffset": -17.2307996366348,
      "targetStatus": "NEAR",
    },
    {
      "opacity": 0.15,
      "position": 60.39539683775995,
      "radius": 4,
      "spreadOffset": 17.211241856114043,
      "targetStatus": "NEAR",
    },
    {
      "opacity": 0.15,
      "position": 60.918679828760276,
      "radius": 4,
      "spreadOffset": -9.29639287311771,
      "targetStatus": "NEAR",
    },
    {
      "opacity": 0.15,
      "position": 61.037865312203905,
      "radius": 4,
      "spreadOffset": 9.237081445177623,
      "targetStatus": "NEAR",
    },
    {
      "opacity": 0.15,
      "position": 61.088260381948274,
      "radius": 4,
      "spreadOffset": -1.2981904228179815,
      "targetStatus": "NEAR",
    },
    {
      "opacity": 0.15,
      "position": 61.16491751652264,
      "radius": 4,
      "spreadOffset": 1.2380904002158957,
      "targetStatus": "NEAR",
    },
    {
      "opacity": 0.15,
      "position": 61.59216146413293,
      "radius": 4,
      "spreadOffset": 15.207683778665828,
      "targetStatus": "NEAR",
    },
    {
      "opacity": 0.15,
      "position": 61.851704662199744,
      "radius": 4,
      "spreadOffset": 25.998460512238466,
      "targetStatus": "NEAR",
    },
    {
      "opacity": 0.15,
      "position": 61.94617188245278,
      "radius": 4,
      "spreadOffset": 27.0354264686988,
      "targetStatus": "NEAR",
    },
    {
      "opacity": 0.15,
      "position": 63.0509121220865,
      "radius": 4,
      "spreadOffset": -2.988045054461031,
      "targetStatus": "NEAR",
    },
    {
      "opacity": 0.15,
      "position": 63.25671555702044,
      "radius": 4,
      "spreadOffset": 6.402316193873062,
      "targetStatus": "NEAR",
    },
    {
      "opacity": 0.15,
      "position": 63.607566323277055,
      "radius": 4,
      "spreadOffset": -6.379879592299247,
      "targetStatus": "NEAR",
    },
    {
      "opacity": 0.15,
      "position": 63.72641062114746,
      "radius": 4,
      "spreadOffset": -14.378996795645108,
      "targetStatus": "NEAR",
    },
    {
      "opacity": 0.15,
      "position": 64.05127156792727,
      "radius": 4,
      "spreadOffset": -22.750670881120083,
      "targetStatus": "NEAR",
    },
    {
      "opacity": 0.15,
      "position": 64.46566998503573,
      "radius": 4,
      "spreadOffset": 22.673803840672534,
      "targetStatus": "NEAR",
    },
    {
      "opacity": 0.15,
      "position": 64.7310429551809,
      "radius": 4,
      "spreadOffset": 14.26529010474377,
      "targetStatus": "NEAR",
    },
    {
      "opacity": 0.15,
      "position": 65.32172788813375,
      "radius": 4,
      "spreadOffset": -30.35416927943284,
      "targetStatus": "NEAR",
    },
    {
      "opacity": 0.15,
      "position": 66.09381613042906,
      "radius": 4,
      "spreadOffset": -30.485527809996945,
      "targetStatus": "NEAR",
    },
    {
      "opacity": 0.15,
      "position": 66.56206557057484,
      "radius": 4,
      "spreadOffset": 22.52818754307222,
      "targetStatus": "NEAR",
    },
    {
      "opacity": 0.15,
      "position": 66.72690466618776,
      "radius": 4,
      "spreadOffset": 4.1173809577997345,
      "targetStatus": "NEAR",
    },
    {
      "opacity": 0.15,
      "position": 67.69696986628969,
      "radius": 4,
      "spreadOffset": -9.50065954002131,
      "targetStatus": "NEAR",
    },
    {
      "opacity": 0.15,
      "position": 68.59718638283766,
      "radius": 4,
      "spreadOffset": -23.055445305375997,
      "targetStatus": "NEAR",
    },
    {
      "opacity": 0.15,
      "position": 68.87990179101827,
      "radius": 4,
      "spreadOffset": 11.822223810218699,
      "targetStatus": "NEAR",
    },
    {
      "opacity": 0.15,
      "position": 69.37695160356832,
      "radius": 4,
      "spreadOffset": -15.09353810919876,
      "targetStatus": "NEAR",
    },
    {
      "opacity": 0.15,
      "position": 69.8075745686073,
      "radius": 4,
      "spreadOffset": 15.216096778886481,
      "targetStatus": "NEAR",
    },
    {
      "opacity": 0.15,
      "position": 70.23180199638084,
      "radius": 4,
      "spreadOffset": -17.088454086018032,
      "targetStatus": "NEAR",
    },
    {
      "opacity": 0.15,
      "position": 70.78705978705977,
      "radius": 4,
      "spreadOffset": 7.2762851497083005,
      "targetStatus": "NEAR",
    },
    {
      "opacity": 0.15,
      "position": 72.24918888737984,
      "radius": 4,
      "spreadOffset": -1.6709155947598333,
      "targetStatus": "NEAR",
    },
    {
      "opacity": 0.15,
      "position": 72.71090081981171,
      "radius": 4,
      "spreadOffset": 18.845289126829652,
      "targetStatus": "NEAR",
    },
    {
      "opacity": 0.15,
      "position": 72.73312696813507,
      "radius": 4,
      "spreadOffset": -24.68736015108284,
      "targetStatus": "NEAR",
    },
    {
      "opacity": 0.15,
      "position": 73.56499845853457,
      "radius": 4,
      "spreadOffset": 26.799565789325623,
      "targetStatus": "NEAR",
    },
    {
      "opacity": 0.15,
      "position": 74.88893261345211,
      "radius": 4,
      "spreadOffset": 5.881021445540628,
      "targetStatus": "NEAR",
    },
    {
      "opacity": 0.15,
      "position": 75.77166821994409,
      "radius": 4,
      "spreadOffset": -8.853682425978688,
      "targetStatus": "NEAR",
    },
    {
      "opacity": 0.15,
      "position": 75.99168415591514,
      "radius": 4,
      "spreadOffset": 29.00635453735378,
      "targetStatus": "NEAR",
    },
    {
      "opacity": 0.15,
      "position": 76.34268364146848,
      "radius": 4,
      "spreadOffset": -26.69813689421794,
      "targetStatus": "NEAR",
    },
    {
      "opacity": 0.15,
      "position": 76.6272717630045,
      "radius": 4,
      "spreadOffset": 21.03164273104288,
      "targetStatus": "NEAR",
    },
    {
      "opacity": 0.15,
      "position": 76.67520642836455,
      "radius": 4,
      "spreadOffset": -18.705050594408902,
      "targetStatus": "NEAR",
    },
    {
      "opacity": 0.15,
      "position": 76.79100931850188,
      "radius": 4,
      "spreadOffset": -10.705888782654142,
      "targetStatus": "NEAR",
    },
    {
      "opacity": 0.15,
      "position": 77.78109463868972,
      "radius": 4,
      "spreadOffset": 13.115286702443257,
      "targetStatus": "NEAR",
    },
    {
      "opacity": 0.15,
      "position": 79.70107550663687,
      "radius": 4,
      "spreadOffset": 12.27189625072743,
      "targetStatus": "NEAR",
    },
    {
      "opacity": 0.15,
      "position": 81.0994947199129,
      "radius": 4,
      "spreadOffset": 0.8383120228400314,
      "targetStatus": "NEAR",
    },
    {
      "opacity": 0.15,
      "position": 82.11590363424104,
      "radius": 4,
      "spreadOffset": -13.727149057441395,
      "targetStatus": "NEAR",
    },
    {
      "opacity": 0.15,
      "position": 84.11853268127707,
      "radius": 4,
      "spreadOffset": 18.941684261618015,
      "targetStatus": "NEAR",
    },
    {
      "opacity": 0.15,
      "position": 93.0056346041634,
      "radius": 4,
      "spreadOffset": -13.236195148468116,
      "targetStatus": "FAR",
    },
    {
      "opacity": 0.15,
      "position": 93.21028762865612,
      "radius": 4,
      "spreadOffset": 13.304955571054311,
      "targetStatus": "FAR",
    },
    {
      "opacity": 0.15,
      "position": 95.8524886272411,
      "radius": 4,
      "spreadOffset": -20.712519256697128,
      "targetStatus": "FAR",
    },
    {
      "opacity": 0.15,
      "position": 96.40742548839715,
      "radius": 4,
      "spreadOffset": 20.63832515848208,
      "targetStatus": "FAR",
    },
    {
      "opacity": 0.15,
      "position": 97.01011235478855,
      "radius": 4,
      "spreadOffset": 28.61559088936251,
      "targetStatus": "FAR",
    },
    {
      "opacity": 0.15,
      "position": 99.08355123618678,
      "radius": 4,
      "spreadOffset": -28.03100505753552,
      "targetStatus": "FAR",
    },
    {
      "opacity": 0.15,
      "position": 101.6889031889032,
      "radius": 4,
      "spreadOffset": -13.379360171238485,
      "targetStatus": "FAR",
    },
    {
      "opacity": 0.15,
      "position": 102.10314533452147,
      "radius": 4,
      "spreadOffset": 13.24463986456044,
      "targetStatus": "FAR",
    },
    {
      "opacity": 0.15,
      "position": 120.2312439896083,
      "radius": 4,
      "spreadOffset": 0,
      "targetStatus": "FAR",
    },
    {
      "opacity": 0.15,
      "position": 121.17577494850221,
      "radius": 4,
      "spreadOffset": -7.944045648640934,
      "targetStatus": "FAR",
    },
    {
      "opacity": 0.15,
      "position": 131.56767925931737,
      "radius": 4,
      "spreadOffset": 0,
      "targetStatus": "FAR",
    },
    {
      "opacity": 0.15,
      "position": 136.72275821053327,
      "radius": 4,
      "spreadOffset": -6.117610726969377,
      "targetStatus": "FAR",
    },
    {
      "opacity": 0.15,
      "position": 144.82382033479976,
      "radius": 4,
      "spreadOffset": 0,
      "targetStatus": "FAR",
    },
    {
      "opacity": 0.15,
      "position": 148.23140674701924,
      "radius": 4,
      "spreadOffset": -7.237980025066194,
      "targetStatus": "FAR",
    },
    {
      "opacity": 0.15,
      "position": 167.62092703783168,
      "radius": 4,
      "spreadOffset": 0,
      "targetStatus": "FAR",
    },
    {
      "opacity": 0.15,
      "position": 284.08264201468086,
      "radius": 4,
      "spreadOffset": 0,
      "targetStatus": "FAR",
    },
  ],
}
`;
