// Vitest Snapshot v1, https://vitest.dev/guide/snapshot.html

exports[`supervisors by district when workflows variant not set 1`] = `
[
  {
    "location": "Region 1",
    "supervisors": [
      {
        "displayName": "Alejandro D Gonzalez",
        "email": "mock-email",
        "externalId": "agonzalez123",
        "fullName": {
          "givenNames": "Alejandro",
          "middleNames": "D",
          "surname": "Gonzalez",
        },
        "hasOutliers": true,
        "pseudonymizedId": "hashed-agonzalez123",
        "supervisionLocationForListPage": "Region 1",
        "supervisionLocationForSupervisorPage": "Unit 1",
      },
      {
        "displayName": "Rosa Smith",
        "email": "mock-email",
        "externalId": "rsmith789",
        "fullName": {
          "givenNames": "Rosa",
          "surname": "Smith",
        },
        "hasOutliers": true,
        "pseudonymizedId": "hashed-rsmith789",
        "supervisionLocationForListPage": "Region 1",
        "supervisionLocationForSupervisorPage": "Unit 1",
      },
    ],
  },
  {
    "location": "Region 2",
    "supervisors": [
      {
        "displayName": "David Lee",
        "email": null,
        "externalId": "dlee456",
        "fullName": {
          "givenNames": "David",
          "surname": "Lee",
        },
        "hasOutliers": true,
        "pseudonymizedId": "hashed-dlee456",
        "supervisionLocationForListPage": "Region 2",
        "supervisionLocationForSupervisorPage": "Unit 1",
      },
    ],
  },
]
`;
