// Vitest Snapshot v1, https://vitest.dev/guide/snapshot.html

exports[`events data 1`] = `
[
  {
    "clientId": "339710",
    "clientName": {
      "givenNames": "Terry",
      "surname": "Clark",
    },
    "eventDate": 2021-10-14T00:00:00.000Z,
    "metricId": "absconsions_bench_warrants",
    "officerAssignmentDate": 2019-01-08T00:00:00.000Z,
    "officerAssignmentEndDate": 2022-02-05T00:00:00.000Z,
    "pseudonymizedClientId": "hashed-339710",
    "supervisionEndDate": 2022-02-05T00:00:00.000Z,
    "supervisionStartDate": 2019-01-08T00:00:00.000Z,
    "supervisionType": "COMMUNITY_CONFINEMENT",
  },
  {
    "clientId": "235261",
    "clientName": {
      "givenNames": "Jacob",
      "surname": "Allen",
    },
    "eventDate": 2021-10-06T00:00:00.000Z,
    "metricId": "absconsions_bench_warrants",
    "officerAssignmentDate": 2019-01-08T00:00:00.000Z,
    "officerAssignmentEndDate": 2022-02-05T00:00:00.000Z,
    "pseudonymizedClientId": "hashed-235261",
    "supervisionEndDate": 2022-02-05T00:00:00.000Z,
    "supervisionStartDate": 2019-01-08T00:00:00.000Z,
    "supervisionType": "COMMUNITY_CONFINEMENT",
  },
  {
    "clientId": "531407",
    "clientName": {
      "givenNames": "Bryan",
      "surname": "Johnson",
    },
    "eventDate": 2021-09-07T00:00:00.000Z,
    "metricId": "absconsions_bench_warrants",
    "officerAssignmentDate": 2019-01-08T00:00:00.000Z,
    "officerAssignmentEndDate": 2022-02-05T00:00:00.000Z,
    "pseudonymizedClientId": "hashed-531407",
    "supervisionEndDate": 2022-02-05T00:00:00.000Z,
    "supervisionStartDate": 2019-01-08T00:00:00.000Z,
    "supervisionType": "COMMUNITY_CONFINEMENT",
  },
  {
    "clientId": "436502",
    "clientName": {
      "givenNames": "Arthur",
      "surname": "Gonzalez",
    },
    "eventDate": 2021-07-15T00:00:00.000Z,
    "metricId": "absconsions_bench_warrants",
    "officerAssignmentDate": 2019-01-08T00:00:00.000Z,
    "officerAssignmentEndDate": 2022-02-05T00:00:00.000Z,
    "pseudonymizedClientId": "hashed-436502",
    "supervisionEndDate": 2022-02-05T00:00:00.000Z,
    "supervisionStartDate": 2019-01-08T00:00:00.000Z,
    "supervisionType": "COMMUNITY_CONFINEMENT",
  },
  {
    "clientId": "985771",
    "clientName": {
      "givenNames": "Kevin",
      "surname": "Baker",
    },
    "eventDate": 2021-04-24T00:00:00.000Z,
    "metricId": "absconsions_bench_warrants",
    "officerAssignmentDate": 2019-01-08T00:00:00.000Z,
    "officerAssignmentEndDate": 2022-02-05T00:00:00.000Z,
    "pseudonymizedClientId": "hashed-985771",
    "supervisionEndDate": 2022-02-05T00:00:00.000Z,
    "supervisionStartDate": 2019-01-08T00:00:00.000Z,
    "supervisionType": "COMMUNITY_CONFINEMENT",
  },
  {
    "clientId": "931890",
    "clientName": {
      "givenNames": "Ricardo",
      "surname": "Wood",
    },
    "eventDate": 2021-04-24T00:00:00.000Z,
    "metricId": "absconsions_bench_warrants",
    "officerAssignmentDate": 2019-01-08T00:00:00.000Z,
    "officerAssignmentEndDate": 2022-02-05T00:00:00.000Z,
    "pseudonymizedClientId": "hashed-931890",
    "supervisionEndDate": 2022-02-05T00:00:00.000Z,
    "supervisionStartDate": 2019-01-08T00:00:00.000Z,
    "supervisionType": "COMMUNITY_CONFINEMENT",
  },
  {
    "clientId": "930441",
    "clientName": {
      "givenNames": "Stanley",
      "surname": "Maxwell",
    },
    "eventDate": 2021-04-24T00:00:00.000Z,
    "metricId": "absconsions_bench_warrants",
    "officerAssignmentDate": 2019-01-08T00:00:00.000Z,
    "officerAssignmentEndDate": 2022-02-05T00:00:00.000Z,
    "pseudonymizedClientId": "hashed-930441",
    "supervisionEndDate": 2022-02-05T00:00:00.000Z,
    "supervisionStartDate": 2019-01-08T00:00:00.000Z,
    "supervisionType": "COMMUNITY_CONFINEMENT",
  },
  {
    "clientId": "326160",
    "clientName": {
      "givenNames": "Ana",
      "surname": "Hernandez",
    },
    "eventDate": 2021-04-21T00:00:00.000Z,
    "metricId": "absconsions_bench_warrants",
    "officerAssignmentDate": 2019-01-08T00:00:00.000Z,
    "officerAssignmentEndDate": 2022-02-05T00:00:00.000Z,
    "pseudonymizedClientId": "hashed-326160",
    "supervisionEndDate": 2022-02-05T00:00:00.000Z,
    "supervisionStartDate": 2019-01-08T00:00:00.000Z,
    "supervisionType": "COMMUNITY_CONFINEMENT",
  },
  {
    "clientId": "564940",
    "clientName": {
      "givenNames": "Walter",
      "surname": "King",
    },
    "eventDate": 2021-03-05T00:00:00.000Z,
    "metricId": "absconsions_bench_warrants",
    "officerAssignmentDate": 2019-01-08T00:00:00.000Z,
    "officerAssignmentEndDate": 2022-02-05T00:00:00.000Z,
    "pseudonymizedClientId": "hashed-564940",
    "supervisionEndDate": 2022-02-05T00:00:00.000Z,
    "supervisionStartDate": 2019-01-08T00:00:00.000Z,
    "supervisionType": "COMMUNITY_CONFINEMENT",
  },
]
`;
