// Vitest Snapshot v1, https://vitest.dev/guide/snapshot.html

exports[`supervisors with outliers data 1`] = `
[
  {
    "district": "Region D1",
    "supervisors": [
      {
        "displayName": "Miles D Davis",
        "email": "mock-email",
        "externalId": "mdavis123",
        "fullName": {
          "givenNames": "Miles",
          "middleNames": "D",
          "surname": "Davis",
        },
        "hasOutliers": true,
        "pseudonymizedId": "hashed-mdavis123",
        "supervisionDistrict": "Region D1",
      },
    ],
  },
  {
    "district": null,
    "supervisors": [
      {
        "displayName": "Billie Holiday",
        "email": null,
        "externalId": "bholiday456",
        "fullName": {
          "givenNames": "Billie",
          "surname": "Holiday",
        },
        "hasOutliers": true,
        "pseudonymizedId": "hashed-bholiday456",
        "supervisionDistrict": null,
      },
    ],
  },
]
`;
