// Jest Snapshot v1, https://goo.gl/fbAQLP

exports[`prefilledDataTransformer transform multiple sentences 1`] = `
Object {
  "clientId": "pei1",
  "countyAddress": "(Your County Address}",
  "countyFax": "(   )",
  "countyName": "(Your County}",
  "countyPhone": "(   )",
  "givenNames": "Joe",
  "middleNames": "Quimby",
  "officerName": "8675309 8675309",
  "sentences": Object {
    "123": Object {
      "county": "COUNTY",
      "docket": "cc1",
      "judgeName": "Judge Reinhold",
      "offenses": "STATUTE",
      "sentenceExpirationDate": "Mar 8, 2022",
      "sentenceStartDate": "Jan 5, 2020",
      "sentenceType": "subtype",
    },
    "456": Object {
      "county": "COUNTY",
      "docket": "cc2",
      "judgeName": "Judge Judge",
      "offenses": "STATUTE",
      "sentenceExpirationDate": "Aug 8, 2022",
      "sentenceStartDate": "Apr 5, 2020",
      "sentenceType": "subtype2",
    },
    "789": Object {
      "county": "COUNTY",
      "docket": "cc3",
      "judgeName": "Judge Jury",
      "offenses": "STATUTE",
      "sentenceExpirationDate": "Jun 8, 2022",
      "sentenceStartDate": "Jul 5, 2020",
      "sentenceType": "subtype3",
    },
  },
  "surname": "Test",
  "todaysDate": "Dec 12, 2023",
}
`;
